'DISPLAY' environment variable not set... skipping surface info
error: XDG_RUNTIME_DIR not set in the environment.
==========
VULKANINFO
==========

Vulkan Instance Version: 1.3.204


Instance Extensions: count = 20
-------------------------------
VK_EXT_acquire_drm_display             : extension revision 1
VK_EXT_acquire_xlib_display            : extension revision 1
VK_EXT_debug_report                    : extension revision 10
VK_EXT_debug_utils                     : extension revision 2
VK_EXT_direct_mode_display             : extension revision 1
VK_EXT_display_surface_counter         : extension revision 1
VK_EXT_swapchain_colorspace            : extension revision 5
VK_KHR_device_group_creation           : extension revision 1
VK_KHR_display                         : extension revision 23
VK_KHR_external_fence_capabilities     : extension revision 1
VK_KHR_external_memory_capabilities    : extension revision 1
VK_KHR_external_semaphore_capabilities : extension revision 1
VK_KHR_get_display_properties2         : extension revision 1
VK_KHR_get_physical_device_properties2 : extension revision 2
VK_KHR_get_surface_capabilities2       : extension revision 1
VK_KHR_surface                         : extension revision 25
VK_KHR_surface_protected_capabilities  : extension revision 1
VK_KHR_wayland_surface                 : extension revision 6
VK_KHR_xcb_surface                     : extension revision 6
VK_KHR_xlib_surface                    : extension revision 6

Instance Layers: count = 2
--------------------------
VK_LAYER_NV_optimus NVIDIA Optimus layer 1.4.312  version 1
VK_LAYER_NV_present NVIDIA GR2608 layer  1.4.312  version 1

Devices:
========
GPU0:
	apiVersion         = 4211000 (1.4.312)
	driverVersion      = 2435022848 (0x91238000)
	vendorID           = 0x10de
	deviceID           = 0x2204
	deviceType         = PHYSICAL_DEVICE_TYPE_DISCRETE_GPU
	deviceName         = NVIDIA GeForce RTX 3090
	driverID           = DRIVER_ID_NVIDIA_PROPRIETARY
	driverName         = NVIDIA
	driverInfo         = 580.142
	conformanceVersion = 1.4.1.3
	deviceUUID         = 8c8bc1e8-f9f9-4fae-6ff3-26aa3d017bf9
	driverUUID         = 39c7349d-b177-509c-aed0-a302b37d2085
