run_frmd_smoke --help passed
build_e14r_interference_manifest --help passed
run_e14r_pilot --help passed
run_e14r_one_chunk --help passed
run_e14r_closed_loop --help passed
e14r_live_policy_worker --help passed
analyze_e14r --help passed
{
  "kind": "synthetic_row_corruption_frmd_smoke",
  "config": {
    "iterations": 2,
    "rank": 4,
    "damping": 0.0001,
    "probe_relative_size": 0.00025,
    "step_relative_radius": 0.00125,
    "total_relative_radius": 0.0025,
    "alphas": [
      0.25,
      0.5,
      1.0
    ],
    "minimum_improving_fraction": 0.5,
    "target": "paired",
    "ot_epsilon": null
  },
  "basis_directions": 8,
  "noises": {
    "optimize": [
      1007,
      1008,
      1009,
      1010,
      1011,
      1012,
      1013,
      1014
    ],
    "validation": [
      10007,
      10008,
      10009,
      10010
    ],
    "evaluation": [
      100007,
      100008,
      100009,
      100010,
      100011,
      100012,
      100013,
      100014
    ]
  },
  "query_budget": {
    "finite_response_probes": 256,
    "repair_total": 340,
    "controls_additional": 40,
    "total": 380
  },
  "continuation_policy": "exploratory_no_fixed_metric_gate",
  "limitation": "Synthetic corruption only; no native interference, persistence, or physical outcome claim."
}

