F                                                                        [100%]
=================================== FAILURES ===================================
_____ test_closed_loop_updates_all_frames_and_pairs_noise_and_start_state ______

tmp_path = PosixPath('/tmp/pytest-of-root/pytest-19/test_closed_loop_updates_all_f0')
monkeypatch = <_pytest.monkeypatch.MonkeyPatch object at 0x7fe63463db90>

    def test_closed_loop_updates_all_frames_and_pairs_noise_and_start_state(tmp_path,monkeypatch):
        root=Path(__file__).resolve().parents[1]
        spec=importlib.util.spec_from_file_location('closed_loop',root/'scripts/run_e14r_closed_loop.py')
        module=importlib.util.module_from_spec(spec);spec.loader.exec_module(module)
        class Env:
            task_list=[{}];current_task_index=0;timestep=0
            @property
            def unwrapped(self):return self
            def observation(self):
                return {'front_rgb_list':[np.full((2,2,3),self.n,np.uint8)],
                        'wrist_rgb_list':[np.zeros((2,2,3),np.uint8)],
                        'joint_state_list':[np.zeros(7)],'gripper_state_list':[np.zeros(2)]}
            def reset(self):self.n=0;return self.observation(),{'task_goal':['move'],'status':'ongoing'}
            def step(self,action):
                self.n+=1
                return self.observation(),0.,False,False,{'task_goal':['move'],'status':'ongoing'}
            def get_state_dict(self):return {'n':self.n}
            def close(self):pass
        class Builder:
            def __init__(self,*a,**kw):pass
            def resolve_episode(self,index):return 7,None
            def make_env_for_episode(self,index):return Env()
        class Raw:
            def __init__(self,*a,**kw):pass
            def __enter__(self):return self
            def __exit__(self,*a):pass
            def __getitem__(self,key):return self if key!=() else np.zeros(7)
        monkeypatch.setitem(sys.modules,'gymnasium',types.SimpleNamespace(make=lambda *a,**kw:None))
        monkeypatch.setitem(sys.modules,'torch',types.SimpleNamespace(manual_seed=lambda seed:None))
        monkeypatch.setitem(sys.modules,'h5py',types.SimpleNamespace(File=Raw))
        monkeypatch.setitem(sys.modules,'robomme',types.ModuleType('robomme'))
        monkeypatch.setitem(sys.modules,'robomme.env_record_wrapper',types.SimpleNamespace(BenchmarkEnvBuilder=Builder))
        monkeypatch.setitem(sys.modules,'robomme.robomme_env',types.ModuleType('robomme.robomme_env'))
        calls=[]
        policy_python=tmp_path/'policy-venv-python'
        policy_python.symlink_to(sys.executable)
        class Worker:
            def __init__(self,*a,**kw):
                assert a[0][0]==str(policy_python.absolute()), 'preserve the virtualenv interpreter path'
                self.messages=deque([{'ready':True}]);self.stdout=self;self.stdin=self;self.code=None
            def readline(self):return 'FRMD_RPC '+json.dumps(self.messages.popleft())+'\n'
            def write(self,line):
                request=json.loads(line)
                if request['op']=='close':self.code=0;return
                if request['op']=='reset':
                    self.label=request['condition'];self.live_count=0;self.messages.append({'reset':True});return
                with np.load(request['observation']) as obs:
                    count=len(obs['update_images']);self.live_count+=count
                    calls.append((self.label,count,request['noise_seed'],int(obs['image'][0,0,0])))
                    if count:np.testing.assert_array_equal(obs['update_images'][:,0,0,0,0],np.arange(1,21))
                with open(request['output'],'xb') as f:np.savez(f,actions=np.zeros((20,8)))
                self.messages.append({'live_frames':self.live_count,'new_vision_frames':count,'trajectory_queries':1,'retention':{}})
            def flush(self):pass
            def poll(self):return self.code
            def wait(self,timeout):return self.code
        monkeypatch.setattr(module,'subprocess',types.SimpleNamespace(Popen=Worker,
            PIPE=module.subprocess.PIPE,TimeoutExpired=module.subprocess.TimeoutExpired))
        monkeypatch.setattr(module.select,'select',lambda read,*a:(read,[],[]))
        report=tmp_path/'repair.json'
        report.write_text(json.dumps({'kind':'native_interference_development_pilot','case':{
            'case_id':'A-0-k3','task':'PatternLock','query_step':0,'execution_start':0,'split':'train','seed':7,
            'raw_episode':0,'raw_file':'fake.h5'},'checkpoint':'model','history_config':'tokendrop',
            'noises':{'optimize':[1],'validation':[2],'evaluation':[3]}}))
        report.with_suffix('.npz').write_bytes(b'original source tensor artifact')
        output=tmp_path/'result.json'
        monkeypatch.setattr(sys,'argv',['closed_loop','--report',str(report),'--data',str(tmp_path),
            '--policy-python',str(policy_python),'--policy-cwd',str(tmp_path),'--output',str(output),
            '--queries','2','--conditions','interfered','repaired'])
>       module.main()

tests/test_e14r_closed_loop.py:76: 
_ _ _ _ _ _ _ _ _ _ _ _ _ _ _ _ _ _ _ _ _ _ _ _ _ _ _ _ _ _ _ _ _ _ _ _ _ _ _ _ 
scripts/run_e14r_closed_loop.py:56: in main
    worker=subprocess.Popen(command,cwd=args.policy_cwd,env={**os.environ,'PYTHONPATH':str(root/'src'),
_ _ _ _ _ _ _ _ _ _ _ _ _ _ _ _ _ _ _ _ _ _ _ _ _ _ _ _ _ _ _ _ _ _ _ _ _ _ _ _ 

self = <test_e14r_closed_loop.test_closed_loop_updates_all_frames_and_pairs_noise_and_start_state.<locals>.Worker object at 0x7fe565303d50>
a = (['/root/.local/share/uv/python/cpython-3.11.16-linux-x86_64-gnu/bin/python3.11', '-u', '/root/trajmem-ot/.worktrees/f...y_worker.py', '--report', '/tmp/pytest-of-root/pytest-19/test_closed_loop_updates_all_f0/repair.json', '--data', ...],)
kw = {'cwd': PosixPath('/tmp/pytest-of-root/pytest-19/test_closed_loop_updates_all_f0'), 'env': {'PYTHONPATH': '/root/trajm...bin/bash', 'NV_LIBCUBLAS_VERSION': '12.4.5.8-1', 'NVIDIA_VISIBLE_DEVICES': 'all', ...}, 'stdin': -1, 'stdout': -1, ...}

    def __init__(self,*a,**kw):
>       assert a[0][0]==str(policy_python.absolute()), 'preserve the virtualenv interpreter path'
E       AssertionError: preserve the virtualenv interpreter path
E       assert '/root/.local...in/python3.11' == '/tmp/pytest-...y-venv-python'
E         
E         - /tmp/pytest-of-root/pytest-19/test_closed_loop_updates_all_f0/policy-venv-python
E         + /root/.local/share/uv/python/cpython-3.11.16-linux-x86_64-gnu/bin/python3.11

tests/test_e14r_closed_loop.py:46: AssertionError
=========================== short test summary info ============================
FAILED tests/test_e14r_closed_loop.py::test_closed_loop_updates_all_frames_and_pairs_noise_and_start_state
1 failed in 26.10s
